// Jest Snapshot v1, https://goo.gl/fbAQLP

exports[`Errors Loader Error 1`] = `
"Worklet Loader

This loader is only usable with webpack
"
`;

exports[`Errors Validation Error 1`] = `
"Worklet Loader Invalid Options

options.name should be string
"
`;
